[premiumlayers.com/demos/kappe/index04b9.html]
[backblue.gif]
[fade.gif]
[index.html]
[premiumlayers.com/demos/kappe/css/bootstrap.css]
[premiumlayers.com/demos/kappe/css/magnific-popup.css]
[premiumlayers.com/demos/kappe/css/font-awesome.css]
[premiumlayers.com/demos/kappe/css/flexslider.css]
[premiumlayers.com/demos/kappe/css/style.css]
[premiumlayers.com/demos/kappe/css/responsive.css]
[premiumlayers.com/demos/kappe/index.html]
[premiumlayers.com/demos/kappe/images/logo.png]
[premiumlayers.com/demos/kappe/about.html]
[premiumlayers.com/demos/kappe/blog.html]
[premiumlayers.com/demos/kappe/single-post.html]
[premiumlayers.com/demos/kappe/contact.html]
[premiumlayers.com/demos/kappe/upload/image1.jpg]
[premiumlayers.com/demos/kappe/single-project.html]
[premiumlayers.com/demos/kappe/upload/image2.jpg]
[premiumlayers.com/demos/kappe/upload/image3.jpg]
[premiumlayers.com/demos/kappe/upload/image4.jpg]
[premiumlayers.com/demos/kappe/upload/image5.jpg]
[premiumlayers.com/demos/kappe/upload/image6.jpg]
[premiumlayers.com/demos/kappe/upload/image7.jpg]
[premiumlayers.com/demos/kappe/upload/image8.jpg]
[premiumlayers.com/demos/kappe/upload/image9.jpg]
[premiumlayers.com/demos/kappe/upload/image10.jpg]
[premiumlayers.com/demos/kappe/upload/image11.jpg]
[premiumlayers.com/demos/kappe/upload/image12.jpg]
[premiumlayers.com/demos/kappe/images/preloader.gif]
[premiumlayers.com/demos/kappe/js/jquery.migrate.js]
[premiumlayers.com/demos/kappe/js/jquery.imagesloaded.min.js]
[premiumlayers.com/demos/kappe/js/jquery.magnific-popup.min.js]
[premiumlayers.com/demos/kappe/js/bootstrap.js]
[premiumlayers.com/demos/kappe/js/retina-1.1.0.min.js]
[premiumlayers.com/demos/kappe/js/jquery.isotope.min.js]
[premiumlayers.com/demos/kappe/index04b9.html]
[premiumlayers.com/demos/kappe/js/jquery.min.js]
[premiumlayers.com/demos/kappe/js/script.js]
[premiumlayers.com/demos/kappe/fonts/glyphicons-halflings-regular.eot]
[premiumlayers.com/demos/kappe/fonts/glyphicons-halflings-regulard41d.eot]
[premiumlayers.com/demos/kappe/fonts/glyphicons-halflings-regular.woff]
[premiumlayers.com/demos/kappe/js/jquery.nicescroll.min.js]
[premiumlayers.com/demos/kappe/fonts/glyphicons-halflings-regular.ttf]
[premiumlayers.com/demos/kappe/fonts/glyphicons-halflings-regular.svg]
[premiumlayers.com/demos/kappe/css/bootstrap.css]
[premiumlayers.com/demos/kappe/css/magnific-popup.css]
[premiumlayers.com/demos/kappe/css/fonts/fontawesome-webfontba72.eot]
[premiumlayers.com/demos/kappe/css/fonts/fontawesome-webfontd41d.eot]
[premiumlayers.com/demos/kappe/css/fonts/fontawesome-webfontba72.woff]
[premiumlayers.com/demos/kappe/css/fonts/fontawesome-webfontba72.ttf]
[premiumlayers.com/demos/kappe/css/font-awesome.css]
[premiumlayers.com/demos/kappe/css/flexslider.css]
[premiumlayers.com/demos/kappe/images/quote.png]
[premiumlayers.com/demos/kappe/images/skills-pattern.png]
[premiumlayers.com/demos/kappe/css/style.css]
[premiumlayers.com/demos/kappe/css/responsive.css]
[premiumlayers.com/demos/kappe/index.html]
[premiumlayers.com/demos/kappe/upload/about.jpg]
[premiumlayers.com/demos/kappe/upload/team1.jpg]
[premiumlayers.com/demos/kappe/upload/team2.jpg]
[premiumlayers.com/demos/kappe/upload/team3.jpg]
[premiumlayers.com/demos/kappe/upload/team4.jpg]
[premiumlayers.com/demos/kappe/upload/team5.jpg]
[premiumlayers.com/demos/kappe/upload/team6.jpg]
[premiumlayers.com/demos/kappe/upload/avatar2.jpg]
[premiumlayers.com/demos/kappe/upload/avatar1.jpg]
[premiumlayers.com/demos/kappe/about.html]
[premiumlayers.com/demos/kappe/js/jquery.quovolver.js]
[premiumlayers.com/demos/kappe/upload/1.jpg]
[premiumlayers.com/demos/kappe/upload/3.jpg]
[premiumlayers.com/demos/kappe/upload/2.jpg]
[premiumlayers.com/demos/kappe/upload/6.jpg]
[premiumlayers.com/demos/kappe/upload/4.jpg]
[premiumlayers.com/demos/kappe/upload/7.jpg]
[premiumlayers.com/demos/kappe/blog.html]
[premiumlayers.com/demos/kappe/js/jquery.flexslider.js]
[premiumlayers.com/demos/kappe/upload/photo2.jpg]
[premiumlayers.com/demos/kappe/upload/photo1.jpg]
[premiumlayers.com/demos/kappe/upload/avatar3.jpg]
[premiumlayers.com/demos/kappe/upload/avatar4.jpg]
[premiumlayers.com/demos/kappe/upload/avatar5.jpg]
[premiumlayers.com/demos/kappe/upload/avatar6.jpg]
[premiumlayers.com/demos/kappe/upload/avatar7.jpg]
[premiumlayers.com/demos/kappe/single-post.html]
[premiumlayers.com/demos/kappe/contact.html]
[premiumlayers.com/demos/kappe/upload/thumb1.jpg]
[premiumlayers.com/demos/kappe/js/gmap3.min.js]
[premiumlayers.com/demos/kappe/upload/thumb2.jpg]
[premiumlayers.com/demos/kappe/upload/thumb3.jpg]
[premiumlayers.com/demos/kappe/upload/thumb4.jpg]
[premiumlayers.com/demos/kappe/upload/thumb5.jpg]
[premiumlayers.com/demos/kappe/upload/thumb6.jpg]
[premiumlayers.com/demos/kappe/upload/thumb7.jpg]
[premiumlayers.com/demos/kappe/upload/thumb8.jpg]
[premiumlayers.com/demos/kappe/upload/thumb9.jpg]
[premiumlayers.com/demos/kappe/upload/thumb10.jpg]
[premiumlayers.com/demos/kappe/upload/thumb11.jpg]
[premiumlayers.com/demos/kappe/single-project.html]
[premiumlayers.com/demos/kappe/images/preloader.html]
[premiumlayers.com/demos/kappe/fonts/glyphicons-halflings-regular.html]
[premiumlayers.com/demos/kappe/fonts/glyphicons-halflings-regulard41d.html]
[premiumlayers.com/demos/kappe/fonts/glyphicons-halflings-regular-2.html]
[premiumlayers.com/demos/kappe/fonts/glyphicons-halflings-regular-3.html]
[premiumlayers.com/demos/kappe/fonts/glyphicons-halflings-regular-4.html]
[premiumlayers.com/demos/kappe/css/fonts/fontawesome-webfontba72.svg]
